// Jest Snapshot v1, https://goo.gl/fbAQLP

exports[`index count active mandatarissen in organ 1`] = `"{"count":29}"`;
